// Jest Snapshot v1, https://goo.gl/fbAQLP

exports[`index verified exports of module 1`] = `
[
  "CustomEvent",
  "EventBus",
  "dispatch",
  "eventBus",
  "on",
]
`;
